
> gulfstream-nextjs@1.0.0 build
> next build

  Γû▓ Next.js 14.2.35

   Creating an optimized production build ...
 Γ£ô Compiled successfully
   Linting and checking validity of types ...
   Collecting page data ...
   Generating static pages (0/30) ...
   Generating static pages (7/30) 
   Generating static pages (14/30) 
   Generating static pages (22/30) 
 Γ£ô Generating static pages (30/30)
   Finalizing page optimization ...
   Collecting build traces ...

Route (app)                                  Size     First Load JS
Γöî Γùï /                                        36.4 kB         133 kB
Γö£ Γùï /_not-found                              873 B          88.3 kB
Γö£ Γùï /about                                   4.01 kB         100 kB
Γö£ Γùï /book-a-review                           6.43 kB         103 kB
Γö£ Γùï /case-studies                            5.23 kB         101 kB
Γö£ Γùï /contact                                 5.49 kB         102 kB
Γö£ Γùï /cookie-policy                           4.09 kB         100 kB
Γö£ Γùï /industries                              3.76 kB         100 kB
Γö£ Γùï /industries/healthcare                   4.18 kB         100 kB
Γö£ Γùï /industries/logistics                    4.23 kB         100 kB
Γö£ Γùï /industries/professional-services        4.2 kB          100 kB
Γö£ Γùï /industries/retail                       4.21 kB         100 kB
Γö£ Γùï /industries/tech-saas                    4.23 kB         100 kB
Γö£ Γùï /insights                                4.41 kB         101 kB
Γö£ Γùï /pricing                                 5.3 kB          102 kB
Γö£ Γùï /privacy-policy                          4.84 kB         101 kB
Γö£ Γùï /services                                5.65 kB         102 kB
Γö£ Γùï /services/cloud-billing-management       5.22 kB         101 kB
Γö£ Γùï /services/cloud-managed-services         4.18 kB         100 kB
Γö£ Γùï /services/cloud-managed-services/aws     5.53 kB         102 kB
Γö£ Γùï /services/cloud-managed-services/azure   5.36 kB         102 kB
Γö£ Γùï /services/cloud-managed-services/google  5.29 kB         101 kB
Γö£ Γùï /services/cloud-managed-services/oracle  5.35 kB         102 kB
Γö£ Γùï /services/cloud-migration                5.61 kB         102 kB
Γö£ Γùï /services/cloud-security-governance      5.43 kB         102 kB
Γö£ Γùï /services/finops-cost-optimization       5.29 kB         101 kB
Γö£ Γùï /sitemap.xml                             0 B                0 B
Γöö Γùï /terms-of-service                        4.21 kB         100 kB
+ First Load JS shared by all                87.5 kB
  Γö£ chunks/117-30ac57db571b4b32.js           31.9 kB
  Γö£ chunks/fd9d1056-faca5e55fb7642b2.js      53.6 kB
  Γöö other shared chunks (total)              1.96 kB


Γùï  (Static)  prerendered as static content

